../Core/Src/bmp280.c:56:15:BMP280_Init	16	static
../Core/Src/bmp280.c:69:15:BMP280_Check	8	static
../Core/Src/bmp280.c:90:13:BMP280_Reset	8	static
../Core/Src/bmp280.c:99:16:BMP280_GetVersion	8	static
../Core/Src/bmp280.c:109:16:BMP280_GetStatus	8	static
../Core/Src/bmp280.c:119:16:BMP280_GetMode	8	static
../Core/Src/bmp280.c:129:6:BMP280_SetMode	24	static
../Core/Src/bmp280.c:141:6:BMP280_SetFilter	24	static
../Core/Src/bmp280.c:153:6:BMP280_SetStandby	24	static
../Core/Src/bmp280.c:165:6:BMP280_SetOSRST	24	static
../Core/Src/bmp280.c:177:6:BMP280_SetOSRSP	24	static
../Core/Src/bmp280.c:189:15:BMP280_ReadCalibration	8	static
../Core/Src/bmp280.c:203:15:BMP280_ReadUP	24	static
../Core/Src/bmp280.c:225:15:BMP280_ReadUT	24	static
../Core/Src/bmp280.c:248:15:BMP280_ReadUTP	24	static
../Core/Src/bmp280.c:275:10:BMP280_CalcT	16	static
../Core/Src/bmp280.c:314:10:BMP280_CalcP	344	static
../Core/Src/bmp280.c:397:10:BMP280_Pa_to_mmHg	64	static
../Core/Src/bmp280.c:432:13:__BMP280_WriteReg	24	static
../Core/Src/bmp280.c:444:16:__BMP280_ReadReg	24	static
../Core/Src/bmp280.c:461:22:__BMP280_BulkReadReg	24	static
