../Core/Src/bmp280.c:60:15:BMP280_Init	16	static
../Core/Src/bmp280.c:91:15:BMP280_Check	16	static
../Core/Src/bmp280.c:113:13:BMP280_Reset	8	static
../Core/Src/bmp280.c:123:16:BMP280_GetVersion	8	static
../Core/Src/bmp280.c:133:16:BMP280_GetStatus	8	static
../Core/Src/bmp280.c:143:16:BMP280_GetMode	8	static
../Core/Src/bmp280.c:153:6:BMP280_SetMode	24	static
../Core/Src/bmp280.c:165:6:BMP280_SetFilter	24	static
../Core/Src/bmp280.c:177:6:BMP280_SetStandby	24	static
../Core/Src/bmp280.c:189:6:BMP280_SetOSRST	24	static
../Core/Src/bmp280.c:201:6:BMP280_SetOSRSP	24	static
../Core/Src/bmp280.c:213:15:BMP280_ReadCalibration	8	static
../Core/Src/bmp280.c:227:15:BMP280_ReadUP	24	static
../Core/Src/bmp280.c:249:15:BMP280_ReadUT	24	static
../Core/Src/bmp280.c:272:15:BMP280_ReadUTP	24	static
../Core/Src/bmp280.c:299:10:BMP280_CalcT	16	static
../Core/Src/bmp280.c:338:10:BMP280_CalcP	344	static
../Core/Src/bmp280.c:421:10:BMP280_Pa_to_mmHg	64	static
../Core/Src/bmp280.c:456:13:__BMP280_WriteReg	32	static
../Core/Src/bmp280.c:468:16:__BMP280_ReadReg	32	static
../Core/Src/bmp280.c:485:22:__BMP280_BulkReadReg	32	static
