../Core/Src/main.c:75:1:__io_putchar	16	static
../Core/Src/main.c:98:5:main	32	static
../Core/Src/main.c:311:6:SystemClock_Config	88	static
../Core/Src/main.c:359:6:BMP280_DriverTest	32	static
../Core/Src/main.c:431:6:GY521_DriverTest	4	static
../Core/Src/main.c:439:6:Test_LoopTest	96	static
../Core/Src/main.c:468:6:UART_I2CScanDevices	24	static
../Core/Src/main.c:492:6:UART_UserSetRTC	128	static
../Core/Src/main.c:586:6:HAL_UART_RxCpltCallback	16	static
../Core/Src/main.c:601:6:Error_Handler	8	static,ignoring_inline_asm
